486

486
666
Exception
495
2
-5
12
12.7
75
1200
19
57
390


314.159

62.8318


25
81
25
337

136


19
False
4
16
6
16

8
6






3.00009155413138

1
-128
81